// 重构日志: 60a7c86b
// 重构日志: a772f88a
// 重构日志: cb6adb42
// 重构日志: e596e7c5
// 同步 ID: 6aaec7dc @ Sun Jul 19 08:22:28 UTC 2026
// 同步 ID: 4175feb5 @ Sun Jul 19 12:14:52 UTC 2026
// 重构日志: c1baacc9
// 重构日志: 4408fd9d
// 重构日志: 41801a52
// 重构日志: e42ec1e3
// 同步 ID: c9600a8c @ Sat Jul 25 01:04:45 UTC 2026
// 同步 ID: d017d7a9 @ Sun Jul 26 01:01:45 UTC 2026
// 同步 ID: 51f806b4 @ Sun Jul 26 10:00:12 UTC 2026
// 重构日志: 04e471b4
// 重构日志: 78f83aad
// 重构日志: f63e0642
// 重构日志: df16d68c
// 重构日志: f7b0a348
// 重构日志: 0e4d999d
// 同步 ID: 5b48db9c @ Mon Aug  3 01:34:35 UTC 2026
// 重构日志: 901bce50
// 重构日志: 70fbf93a
// 重构日志: 48ea9a4b
// 重构日志: fd141245
// 重构日志: 180be252
// 重构日志: aafc4d15
// 重构日志: 7fce7dd5
// 重构日志: 60a1680e
// 同步 ID: cfaa5b09 @ Fri Aug  7 03:44:06 UTC 2026
// 同步 ID: dd5081db @ Fri Aug  7 08:43:58 UTC 2026
// 重构日志: 0ed33f42
// 重构日志: abacda6e
// 重构日志: 487bd884
